python3 model/generate_fault_events.py \
	--scenario upsets \
	--input data/upsets.xlsx \
	--output tb/fault_events.csv \
	--control-output tb/control_levels.csv \
	--meta-output results/paper/interleaving/smoke/fault_events_meta_D1.csv \
	--shift-summary-output results/paper/interleaving/smoke/event_shift_summary_D1.md \
	--start-index 0 \
	--window-size 43824 \
	--total-cycles 5000 \
	--addr-width 4 \
	--event-count 0 \
	--paired-event-count 0 \
	--pair-gap-min 10 \
	--pair-gap-max 80 \
	--cluster-event-count 5 \
	--cluster-bit-count 3 \
	--cluster-interleave-depth 1 \
	--seed 1 \
	--control-quantization linear_max \
	--control-source quantization \
	--control-delay-points 0 \
	--control-policy-schedule results/paper/tables/risk_policy_schedule.csv \
	--control-policy-level-map-output results/tables/control_policy_level_map.csv
Generated fault events: tb/fault_events.csv
Generated control levels: tb/control_levels.csv
Generated event metadata: results/paper/interleaving/smoke/fault_events_meta_D1.csv
Generated event shift summary: results/paper/interleaving/smoke/event_shift_summary_D1.md
Control level changes: 44
Generated 5 fault injections
Scenario: upsets
Paired events: 0
Addresses with repeated injections: 1
Input: data/upsets.xlsx
Start index: 0
Window size: 43824
Total cycles: 5000
Single events: 0
Paired events: 0
Cluster events: 5
Cluster bit count: 3
Seed: 1
Control source: quantization
Control delay points: 0
Control quantization: linear_max
Control percentiles: 0.5,0.7,0.85,0.93,0.97,0.99,0.997
