Total run cycles: 100000
Fixed interval: 1800
Safe interval: 1089
Level intervals: L0=2400 L1=2200 L2=2000 L3=1800 L4=1600 L5=1400 L6=1200 L7=1089
Threshold levels: low_to_medium=3 medium_to_low=1 medium_to_high=6 high_to_medium=4
Threshold intervals: low=2400 medium=1800 high=1089
Loaded fault events: 120
Loaded control level events: 44
STRATEGY RESULT: fixed
  total_cycle_count         = 100000
  scrub_cycle_count         = 55
  memory_read_count         = 14080
  memory_write_count        = 82
  corrected_error_count     = 82
  uncorrectable_detections  = 652
  unique_uncorrectable_words = 16
  new_due_count             = 17
  repeated_due_detections   = 635
  interval_switch_count     = 0
  memory_busy_cycle_count   = 14162
  busy_per_mille            = 141
Strategy comparison run passed for strategy fixed.
tb/tb_strategy_comparison.v:1227: $finish called at 1005176000 (1ps)
