
 /----------------------------------------------------------------------------\
 |  yosys -- Yosys Open SYnthesis Suite                                       |
 |  Copyright (C) 2012 - 2025  Claire Xenia Wolf <claire@yosyshq.com>         |
 |  Distributed under an ISC-like license, type "license" to see terms        |
 \----------------------------------------------------------------------------/
 Yosys 0.52 (git sha1 fee39a3284c90249e1d9684cf6944ffbbcbb8f90)

-- Executing script file `/home/z3tm4n/adaptive_scrubbing/results/paper/synthesis/scripts/interval_selector_generic.ys' --

1. Executing Verilog-2005 frontend: rtl/interval_selector.v
Parsing SystemVerilog input from `rtl/interval_selector.v' to AST representation.
Generating RTLIL representation for module `\interval_selector'.
Successfully finished Verilog frontend.

2. Executing HIERARCHY pass (managing design hierarchy).

2.1. Analyzing design hierarchy..
Top module:  \interval_selector

2.2. Analyzing design hierarchy..
Top module:  \interval_selector
Removed 0 unused modules.

3. Executing PROC pass (convert processes to netlists).

3.1. Executing PROC_CLEAN pass (remove empty switches from decision trees).
Cleaned up 0 empty switches.

3.2. Executing PROC_RMDEAD pass (remove dead branches from decision trees).
Removed 1 dead cases from process $proc$rtl/interval_selector.v:115$11 in module interval_selector.
Marked 4 switch rules as full_case in process $proc$rtl/interval_selector.v:115$11 in module interval_selector.
Marked 8 switch rules as full_case in process $proc$rtl/interval_selector.v:52$1 in module interval_selector.
Removed a total of 1 dead cases.

3.3. Executing PROC_PRUNE pass (remove redundant assignments in processes).
Removed 0 redundant assignments.
Promoted 1 assignment to connection.

3.4. Executing PROC_INIT pass (extract init attributes).

3.5. Executing PROC_ARST pass (detect async resets in processes).

3.6. Executing PROC_ROM pass (convert switches to ROMs).
Converted 0 switches.
<suppressed ~14 debug messages>

3.7. Executing PROC_MUX pass (convert decision trees to multiplexers).
Creating decoders for process `\interval_selector.$proc$rtl/interval_selector.v:115$11'.
     1/4: $4\selected_interval[31:0]
     2/4: $3\selected_interval[31:0]
     3/4: $2\selected_interval[31:0]
     4/4: $1\selected_interval[31:0]
Creating decoders for process `\interval_selector.$proc$rtl/interval_selector.v:52$1'.
     1/4: $0\control_age[31:0]
     2/4: $0\threshold_state[1:0]
     3/4: $0\current_level[2:0]
     4/4: $0\safe_mode_active[0:0]

3.8. Executing PROC_DLATCH pass (convert process syncs to latches).
No latch inferred for signal `\interval_selector.\selected_interval' from process `\interval_selector.$proc$rtl/interval_selector.v:115$11'.

3.9. Executing PROC_DFF pass (convert process syncs to FFs).
Creating register for signal `\interval_selector.\safe_mode_active' using process `\interval_selector.$proc$rtl/interval_selector.v:52$1'.
  created $dff cell `$procdff$107' with positive edge clock.
Creating register for signal `\interval_selector.\current_level' using process `\interval_selector.$proc$rtl/interval_selector.v:52$1'.
  created $dff cell `$procdff$108' with positive edge clock.
Creating register for signal `\interval_selector.\threshold_state' using process `\interval_selector.$proc$rtl/interval_selector.v:52$1'.
  created $dff cell `$procdff$109' with positive edge clock.
Creating register for signal `\interval_selector.\control_age' using process `\interval_selector.$proc$rtl/interval_selector.v:52$1'.
  created $dff cell `$procdff$110' with positive edge clock.

3.10. Executing PROC_MEMWR pass (convert process memory writes to cells).

3.11. Executing PROC_CLEAN pass (remove empty switches from decision trees).
Found and cleaned up 4 empty switches in `\interval_selector.$proc$rtl/interval_selector.v:115$11'.
Removing empty process `interval_selector.$proc$rtl/interval_selector.v:115$11'.
Found and cleaned up 10 empty switches in `\interval_selector.$proc$rtl/interval_selector.v:52$1'.
Removing empty process `interval_selector.$proc$rtl/interval_selector.v:52$1'.
Cleaned up 14 empty switches.

3.12. Executing OPT_EXPR pass (perform const folding).
Optimizing module interval_selector.
<suppressed ~8 debug messages>

4. Executing OPT pass (performing simple optimizations).

4.1. Executing OPT_EXPR pass (perform const folding).
Optimizing module interval_selector.

4.2. Executing OPT_MERGE pass (detect identical cells).
Finding identical cells in module `\interval_selector'.
<suppressed ~15 debug messages>
Removed a total of 5 cells.

4.3. Executing OPT_MUXTREE pass (detect dead branches in mux trees).
Running muxtree optimizer on module \interval_selector..
  Creating internal representation of mux trees.
  Evaluating internal representation of mux trees.
  Analyzing evaluation results.
    dead port 1/2 on $mux $procmux$45.
    dead port 1/2 on $mux $procmux$37.
    dead port 2/2 on $mux $procmux$34.
    dead port 1/2 on $mux $procmux$21.
    dead port 2/2 on $mux $procmux$18.
Removed 5 multiplexer ports.
<suppressed ~5 debug messages>

4.4. Executing OPT_REDUCE pass (consolidate $*mux and $reduce_* inputs).
  Optimizing cells in module \interval_selector.
Performed a total of 0 changes.

4.5. Executing OPT_MERGE pass (detect identical cells).
Finding identical cells in module `\interval_selector'.
Removed a total of 0 cells.

4.6. Executing OPT_DFF pass (perform DFF optimizations).
Adding SRST signal on $procdff$107 ($dff) from module interval_selector (D = $procmux$96_Y, Q = \safe_mode_active, rval = 1'0).
Adding EN signal on $auto$ff.cc:266:slice$111 ($sdff) from module interval_selector (D = 1'1, Q = \safe_mode_active).
Adding SRST signal on $procdff$108 ($dff) from module interval_selector (D = $procmux$88_Y, Q = \current_level, rval = 3'000).
Adding EN signal on $auto$ff.cc:266:slice$117 ($sdff) from module interval_selector (D = \ctrl_level, Q = \current_level).
Adding SRST signal on $procdff$109 ($dff) from module interval_selector (D = $procmux$79_Y, Q = \threshold_state, rval = 2'00).
Adding EN signal on $auto$ff.cc:266:slice$123 ($sdff) from module interval_selector (D = $procmux$66_Y, Q = \threshold_state).
Adding SRST signal on $procdff$110 ($dff) from module interval_selector (D = $procmux$50_Y, Q = \control_age, rval = 0).
Adding EN signal on $auto$ff.cc:266:slice$129 ($sdff) from module interval_selector (D = $add$rtl/interval_selector.v:106$9_Y, Q = \control_age).

4.7. Executing OPT_CLEAN pass (remove unused cells and wires).
Finding unused cells or wires in module \interval_selector..
Removed 15 unused cells and 57 unused wires.
<suppressed ~16 debug messages>

4.8. Executing OPT_EXPR pass (perform const folding).
Optimizing module interval_selector.

4.9. Rerunning OPT passes. (Maybe there is more to do..)

4.10. Executing OPT_MUXTREE pass (detect dead branches in mux trees).
Running muxtree optimizer on module \interval_selector..
  Creating internal representation of mux trees.
  Evaluating internal representation of mux trees.
  Analyzing evaluation results.
Removed 0 multiplexer ports.
<suppressed ~2 debug messages>

4.11. Executing OPT_REDUCE pass (consolidate $*mux and $reduce_* inputs).
  Optimizing cells in module \interval_selector.
Performed a total of 0 changes.

4.12. Executing OPT_MERGE pass (detect identical cells).
Finding identical cells in module `\interval_selector'.
<suppressed ~15 debug messages>
Removed a total of 5 cells.

4.13. Executing OPT_DFF pass (perform DFF optimizations).

4.14. Executing OPT_CLEAN pass (remove unused cells and wires).
Finding unused cells or wires in module \interval_selector..
Removed 0 unused cells and 5 unused wires.
<suppressed ~1 debug messages>

4.15. Executing OPT_EXPR pass (perform const folding).
Optimizing module interval_selector.

4.16. Rerunning OPT passes. (Maybe there is more to do..)

4.17. Executing OPT_MUXTREE pass (detect dead branches in mux trees).
Running muxtree optimizer on module \interval_selector..
  Creating internal representation of mux trees.
  Evaluating internal representation of mux trees.
  Analyzing evaluation results.
Removed 0 multiplexer ports.
<suppressed ~2 debug messages>

4.18. Executing OPT_REDUCE pass (consolidate $*mux and $reduce_* inputs).
  Optimizing cells in module \interval_selector.
Performed a total of 0 changes.

4.19. Executing OPT_MERGE pass (detect identical cells).
Finding identical cells in module `\interval_selector'.
Removed a total of 0 cells.

4.20. Executing OPT_DFF pass (perform DFF optimizations).

4.21. Executing OPT_CLEAN pass (remove unused cells and wires).
Finding unused cells or wires in module \interval_selector..

4.22. Executing OPT_EXPR pass (perform const folding).
Optimizing module interval_selector.

4.23. Finished OPT passes. (There is nothing left to do.)

5. Executing FSM pass (extract and optimize FSM).

5.1. Executing FSM_DETECT pass (finding FSMs in design).

5.2. Executing FSM_EXTRACT pass (extracting FSM from design).

5.3. Executing FSM_OPT pass (simple optimizations of FSMs).

5.4. Executing OPT_CLEAN pass (remove unused cells and wires).
Finding unused cells or wires in module \interval_selector..

5.5. Executing FSM_OPT pass (simple optimizations of FSMs).

5.6. Executing FSM_RECODE pass (re-assigning FSM state encoding).

5.7. Executing FSM_INFO pass (dumping all available information on FSM cells).

5.8. Executing FSM_MAP pass (mapping FSMs to basic logic).

6. Executing OPT pass (performing simple optimizations).

6.1. Executing OPT_EXPR pass (perform const folding).
Optimizing module interval_selector.

6.2. Executing OPT_MERGE pass (detect identical cells).
Finding identical cells in module `\interval_selector'.
Removed a total of 0 cells.

6.3. Executing OPT_MUXTREE pass (detect dead branches in mux trees).
Running muxtree optimizer on module \interval_selector..
  Creating internal representation of mux trees.
  Evaluating internal representation of mux trees.
  Analyzing evaluation results.
Removed 0 multiplexer ports.
<suppressed ~2 debug messages>

6.4. Executing OPT_REDUCE pass (consolidate $*mux and $reduce_* inputs).
  Optimizing cells in module \interval_selector.
Performed a total of 0 changes.

6.5. Executing OPT_MERGE pass (detect identical cells).
Finding identical cells in module `\interval_selector'.
Removed a total of 0 cells.

6.6. Executing OPT_DFF pass (perform DFF optimizations).

6.7. Executing OPT_CLEAN pass (remove unused cells and wires).
Finding unused cells or wires in module \interval_selector..

6.8. Executing OPT_EXPR pass (perform const folding).
Optimizing module interval_selector.

6.9. Finished OPT passes. (There is nothing left to do.)

7. Executing MEMORY pass.

7.1. Executing OPT_MEM pass (optimize memories).
Performed a total of 0 transformations.

7.2. Executing OPT_MEM_PRIORITY pass (removing unnecessary memory write priority relations).
Performed a total of 0 transformations.

7.3. Executing OPT_MEM_FEEDBACK pass (finding memory read-to-write feedback paths).

7.4. Executing MEMORY_BMUX2ROM pass (converting muxes to ROMs).

7.5. Executing MEMORY_DFF pass (merging $dff cells to $memrd).

7.6. Executing OPT_CLEAN pass (remove unused cells and wires).
Finding unused cells or wires in module \interval_selector..

7.7. Executing MEMORY_SHARE pass (consolidating $memrd/$memwr cells).

7.8. Executing OPT_MEM_WIDEN pass (optimize memories where all ports are wide).
Performed a total of 0 transformations.

7.9. Executing OPT_CLEAN pass (remove unused cells and wires).
Finding unused cells or wires in module \interval_selector..

7.10. Executing MEMORY_COLLECT pass (generating $mem cells).

7.11. Executing MEMORY_MAP pass (converting memories to logic and flip-flops).

8. Executing OPT pass (performing simple optimizations).

8.1. Executing OPT_EXPR pass (perform const folding).
Optimizing module interval_selector.

8.2. Executing OPT_MERGE pass (detect identical cells).
Finding identical cells in module `\interval_selector'.
Removed a total of 0 cells.

8.3. Executing OPT_MUXTREE pass (detect dead branches in mux trees).
Running muxtree optimizer on module \interval_selector..
  Creating internal representation of mux trees.
  Evaluating internal representation of mux trees.
  Analyzing evaluation results.
Removed 0 multiplexer ports.
<suppressed ~2 debug messages>

8.4. Executing OPT_REDUCE pass (consolidate $*mux and $reduce_* inputs).
  Optimizing cells in module \interval_selector.
Performed a total of 0 changes.

8.5. Executing OPT_MERGE pass (detect identical cells).
Finding identical cells in module `\interval_selector'.
Removed a total of 0 cells.

8.6. Executing OPT_DFF pass (perform DFF optimizations).

8.7. Executing OPT_CLEAN pass (remove unused cells and wires).
Finding unused cells or wires in module \interval_selector..

8.8. Executing OPT_EXPR pass (perform const folding).
Optimizing module interval_selector.

8.9. Finished OPT passes. (There is nothing left to do.)

9. Executing TECHMAP pass (map to technology primitives).

9.1. Executing Verilog-2005 frontend: /usr/bin/../share/yosys/techmap.v
Parsing Verilog input from `/usr/bin/../share/yosys/techmap.v' to AST representation.
Generating RTLIL representation for module `\_90_simplemap_bool_ops'.
Generating RTLIL representation for module `\_90_simplemap_reduce_ops'.
Generating RTLIL representation for module `\_90_simplemap_logic_ops'.
Generating RTLIL representation for module `\_90_simplemap_compare_ops'.
Generating RTLIL representation for module `\_90_simplemap_various'.
Generating RTLIL representation for module `\_90_simplemap_registers'.
Generating RTLIL representation for module `\_90_shift_ops_shr_shl_sshl_sshr'.
Generating RTLIL representation for module `\_90_shift_shiftx'.
Generating RTLIL representation for module `\_90_fa'.
Generating RTLIL representation for module `\_90_lcu_brent_kung'.
Generating RTLIL representation for module `\_90_alu'.
Generating RTLIL representation for module `\_90_macc'.
Generating RTLIL representation for module `\_90_alumacc'.
Generating RTLIL representation for module `\$__div_mod_u'.
Generating RTLIL representation for module `\$__div_mod_trunc'.
Generating RTLIL representation for module `\_90_div'.
Generating RTLIL representation for module `\_90_mod'.
Generating RTLIL representation for module `\$__div_mod_floor'.
Generating RTLIL representation for module `\_90_divfloor'.
Generating RTLIL representation for module `\_90_modfloor'.
Generating RTLIL representation for module `\_90_pow'.
Generating RTLIL representation for module `\_90_pmux'.
Generating RTLIL representation for module `\_90_demux'.
Generating RTLIL representation for module `\_90_lut'.
Successfully finished Verilog frontend.

9.2. Continuing TECHMAP pass.
Using extmapper simplemap for cells of type $logic_and.
Running "alumacc" on wrapper $extern:wrap:$ge:A_SIGNED=0:A_WIDTH=3:B_SIGNED=0:B_WIDTH=3:Y_WIDTH=1:394426c56d1a028ba8fdd5469b163e04011def47.
Using template $extern:wrap:$ge:A_SIGNED=0:A_WIDTH=3:B_SIGNED=0:B_WIDTH=3:Y_WIDTH=1:394426c56d1a028ba8fdd5469b163e04011def47 for cells of type $extern:wrap:$ge:A_SIGNED=0:A_WIDTH=3:B_SIGNED=0:B_WIDTH=3:Y_WIDTH=1:394426c56d1a028ba8fdd5469b163e04011def47.
Running "alumacc" on wrapper $extern:wrap:$le:A_SIGNED=0:A_WIDTH=3:B_SIGNED=0:B_WIDTH=3:Y_WIDTH=1:394426c56d1a028ba8fdd5469b163e04011def47.
Using template $extern:wrap:$le:A_SIGNED=0:A_WIDTH=3:B_SIGNED=0:B_WIDTH=3:Y_WIDTH=1:394426c56d1a028ba8fdd5469b163e04011def47 for cells of type $extern:wrap:$le:A_SIGNED=0:A_WIDTH=3:B_SIGNED=0:B_WIDTH=3:Y_WIDTH=1:394426c56d1a028ba8fdd5469b163e04011def47.
Using extmapper simplemap for cells of type $ne.
Running "alumacc" on wrapper $extern:wrap:$add:A_SIGNED=0:A_WIDTH=32:B_SIGNED=0:B_WIDTH=32:Y_WIDTH=32:394426c56d1a028ba8fdd5469b163e04011def47.
Using template $extern:wrap:$add:A_SIGNED=0:A_WIDTH=32:B_SIGNED=0:B_WIDTH=32:Y_WIDTH=32:394426c56d1a028ba8fdd5469b163e04011def47 for cells of type $extern:wrap:$add:A_SIGNED=0:A_WIDTH=32:B_SIGNED=0:B_WIDTH=32:Y_WIDTH=32:394426c56d1a028ba8fdd5469b163e04011def47.
Running "alumacc" on wrapper $extern:wrap:$ge:A_SIGNED=0:A_WIDTH=32:B_SIGNED=0:B_WIDTH=32:Y_WIDTH=1:394426c56d1a028ba8fdd5469b163e04011def47.
Using template $extern:wrap:$ge:A_SIGNED=0:A_WIDTH=32:B_SIGNED=0:B_WIDTH=32:Y_WIDTH=1:394426c56d1a028ba8fdd5469b163e04011def47 for cells of type $extern:wrap:$ge:A_SIGNED=0:A_WIDTH=32:B_SIGNED=0:B_WIDTH=32:Y_WIDTH=1:394426c56d1a028ba8fdd5469b163e04011def47.
Using template $paramod$54d740639e1393b22262823179ff783ea9f17a35\_90_pmux for cells of type $pmux.
Using extmapper simplemap for cells of type $reduce_or.
Using extmapper simplemap for cells of type $not.
Using extmapper simplemap for cells of type $eq.
Using template $paramod$bf8e268f26361094a16ad6650df0ad1ca719658a\_90_pmux for cells of type $pmux.
Using extmapper simplemap for cells of type $logic_not.
Using extmapper simplemap for cells of type $mux.
Using template $paramod$97565c3687be688407d1272a293bd9d0ae6852dc\_90_pmux for cells of type $pmux.
Using extmapper simplemap for cells of type $sdffe.
Using extmapper simplemap for cells of type $or.
Using extmapper simplemap for cells of type $reduce_and.
Using template $paramod$78e969f2586efcf3a5b0b0440bcca0db83d5cca2\_90_alu for cells of type $alu.
Using template $paramod$fbc7873bff55778c0b3173955b7e4bce1d9d6834\_90_alu for cells of type $alu.
Using extmapper simplemap for cells of type $and.
Using extmapper simplemap for cells of type $xor.
Using template $paramod\_90_lcu_brent_kung\WIDTH=32'00000000000000000000000000000011 for cells of type $lcu.
Using extmapper simplemap for cells of type $pos.
Using template $paramod\_90_lcu_brent_kung\WIDTH=32'00000000000000000000000000100000 for cells of type $lcu.
No more expansions possible.
<suppressed ~1001 debug messages>

10. Executing OPT pass (performing simple optimizations).

10.1. Executing OPT_EXPR pass (perform const folding).
Optimizing module interval_selector.
<suppressed ~342 debug messages>

10.2. Executing OPT_MERGE pass (detect identical cells).
Finding identical cells in module `\interval_selector'.
<suppressed ~126 debug messages>
Removed a total of 42 cells.

10.3. Executing OPT_MUXTREE pass (detect dead branches in mux trees).
Running muxtree optimizer on module \interval_selector..
  Creating internal representation of mux trees.
  No muxes found in this module.
Removed 0 multiplexer ports.

10.4. Executing OPT_REDUCE pass (consolidate $*mux and $reduce_* inputs).
  Optimizing cells in module \interval_selector.
Performed a total of 0 changes.

10.5. Executing OPT_MERGE pass (detect identical cells).
Finding identical cells in module `\interval_selector'.
Removed a total of 0 cells.

10.6. Executing OPT_DFF pass (perform DFF optimizations).

10.7. Executing OPT_CLEAN pass (remove unused cells and wires).
Finding unused cells or wires in module \interval_selector..
Removed 101 unused cells and 723 unused wires.
<suppressed ~102 debug messages>

10.8. Executing OPT_EXPR pass (perform const folding).
Optimizing module interval_selector.

10.9. Rerunning OPT passes. (Maybe there is more to do..)

10.10. Executing OPT_MUXTREE pass (detect dead branches in mux trees).
Running muxtree optimizer on module \interval_selector..
  Creating internal representation of mux trees.
  No muxes found in this module.
Removed 0 multiplexer ports.

10.11. Executing OPT_REDUCE pass (consolidate $*mux and $reduce_* inputs).
  Optimizing cells in module \interval_selector.
Performed a total of 0 changes.

10.12. Executing OPT_MERGE pass (detect identical cells).
Finding identical cells in module `\interval_selector'.
Removed a total of 0 cells.

10.13. Executing OPT_DFF pass (perform DFF optimizations).

10.14. Executing OPT_CLEAN pass (remove unused cells and wires).
Finding unused cells or wires in module \interval_selector..

10.15. Executing OPT_EXPR pass (perform const folding).
Optimizing module interval_selector.

10.16. Finished OPT passes. (There is nothing left to do.)

11. Executing ABC pass (technology mapping using ABC).

11.1. Extracting gate netlist of module `\interval_selector' to `<abc-temp-dir>/input.blif'..
Replacing 32 occurrences of constant undef bits with constant zero bits
Extracted 1412 gates and 1921 wires to a netlist network with 507 inputs and 71 outputs.

11.1.1. Executing ABC.
Running ABC command: "<yosys-exe-dir>/yosys-abc" -s -f <abc-temp-dir>/abc.script 2>&1
ABC: ABC command line: "source <abc-temp-dir>/abc.script".
ABC: 
ABC: + read_blif <abc-temp-dir>/input.blif 
ABC: + read_library <abc-temp-dir>/stdcells.genlib 
ABC: + strash 
ABC: + &get -n 
ABC: + &fraig -x 
ABC: + &put 
ABC: + scorr 
ABC: Warning: The network is combinational (run "fraig" or "fraig_sweep").
ABC: + dc2 
ABC: + dretime 
ABC: + strash 
ABC: + &get -n 
ABC: + &dch -f 
ABC: + &nf 
ABC: + &put 
ABC: + write_blif <abc-temp-dir>/output.blif 

11.1.2. Re-integrating ABC results.
ABC RESULTS:               AND cells:      408
ABC RESULTS:            ANDNOT cells:       15
ABC RESULTS:              NAND cells:      668
ABC RESULTS:               NOR cells:        8
ABC RESULTS:               NOT cells:        1
ABC RESULTS:                OR cells:       34
ABC RESULTS:             ORNOT cells:       78
ABC RESULTS:              XNOR cells:        4
ABC RESULTS:               XOR cells:       31
ABC RESULTS:        internal signals:     1343
ABC RESULTS:           input signals:      507
ABC RESULTS:          output signals:       71
Removing temp directory.

12. Executing OPT pass (performing simple optimizations).

12.1. Executing OPT_EXPR pass (perform const folding).
Optimizing module interval_selector.

12.2. Executing OPT_MERGE pass (detect identical cells).
Finding identical cells in module `\interval_selector'.
Removed a total of 0 cells.

12.3. Executing OPT_MUXTREE pass (detect dead branches in mux trees).
Running muxtree optimizer on module \interval_selector..
  Creating internal representation of mux trees.
  No muxes found in this module.
Removed 0 multiplexer ports.

12.4. Executing OPT_REDUCE pass (consolidate $*mux and $reduce_* inputs).
  Optimizing cells in module \interval_selector.
Performed a total of 0 changes.

12.5. Executing OPT_MERGE pass (detect identical cells).
Finding identical cells in module `\interval_selector'.
Removed a total of 0 cells.

12.6. Executing OPT_DFF pass (perform DFF optimizations).

12.7. Executing OPT_CLEAN pass (remove unused cells and wires).
Finding unused cells or wires in module \interval_selector..
Removed 0 unused cells and 925 unused wires.
<suppressed ~1 debug messages>

12.8. Executing OPT_EXPR pass (perform const folding).
Optimizing module interval_selector.

12.9. Rerunning OPT passes. (Maybe there is more to do..)

12.10. Executing OPT_MUXTREE pass (detect dead branches in mux trees).
Running muxtree optimizer on module \interval_selector..
  Creating internal representation of mux trees.
  No muxes found in this module.
Removed 0 multiplexer ports.

12.11. Executing OPT_REDUCE pass (consolidate $*mux and $reduce_* inputs).
  Optimizing cells in module \interval_selector.
Performed a total of 0 changes.

12.12. Executing OPT_MERGE pass (detect identical cells).
Finding identical cells in module `\interval_selector'.
Removed a total of 0 cells.

12.13. Executing OPT_DFF pass (perform DFF optimizations).

12.14. Executing OPT_CLEAN pass (remove unused cells and wires).
Finding unused cells or wires in module \interval_selector..

12.15. Executing OPT_EXPR pass (perform const folding).
Optimizing module interval_selector.

12.16. Finished OPT passes. (There is nothing left to do.)

13. Printing statistics.

=== interval_selector ===

   Number of wires:               1214
   Number of wire bits:           1787
   Number of public wires:          30
   Number of public wire bits:     540
   Number of ports:                 30
   Number of port bits:            540
   Number of memories:               0
   Number of memory bits:            0
   Number of processes:              0
   Number of cells:               1285
     $_ANDNOT_                      15
     $_AND_                        408
     $_NAND_                       668
     $_NOR_                          8
     $_NOT_                          1
     $_ORNOT_                       78
     $_OR_                          34
     $_SDFFE_PP0P_                  38
     $_XNOR_                         4
     $_XOR_                         31

End of script. Logfile hash: 88f3ddf816, CPU: user 0.18s system 0.01s, MEM: 22.80 MB peak
Yosys 0.52 (git sha1 fee39a3284c90249e1d9684cf6944ffbbcbb8f90)
Time spent: 40% 1x abc (0 sec), 15% 19x opt_expr (0 sec), ...
