
 /----------------------------------------------------------------------------\
 |  yosys -- Yosys Open SYnthesis Suite                                       |
 |  Copyright (C) 2012 - 2025  Claire Xenia Wolf <claire@yosyshq.com>         |
 |  Distributed under an ISC-like license, type "license" to see terms        |
 \----------------------------------------------------------------------------/
 Yosys 0.52 (git sha1 fee39a3284c90249e1d9684cf6944ffbbcbb8f90)

-- Executing script file `/home/z3tm4n/adaptive_scrubbing/results/paper/synthesis/scripts/measured_control_estimator_generic.ys' --

1. Executing Verilog-2005 frontend: rtl/measured_control_estimator.v
Parsing SystemVerilog input from `rtl/measured_control_estimator.v' to AST representation.
Generating RTLIL representation for module `\measured_control_estimator'.
Successfully finished Verilog frontend.

2. Executing HIERARCHY pass (managing design hierarchy).

2.1. Analyzing design hierarchy..
Top module:  \measured_control_estimator

2.2. Analyzing design hierarchy..
Top module:  \measured_control_estimator
Removed 0 unused modules.

3. Executing PROC pass (convert processes to netlists).

3.1. Executing PROC_CLEAN pass (remove empty switches from decision trees).
Cleaned up 0 empty switches.

3.2. Executing PROC_RMDEAD pass (remove dead branches from decision trees).
Marked 10 switch rules as full_case in process $proc$rtl/measured_control_estimator.v:115$9 in module measured_control_estimator.
Removed a total of 0 dead cases.

3.3. Executing PROC_PRUNE pass (remove redundant assignments in processes).
Removed 1 redundant assignment.
Promoted 2 assignments to connections.

3.4. Executing PROC_INIT pass (extract init attributes).

3.5. Executing PROC_ARST pass (detect async resets in processes).

3.6. Executing PROC_ROM pass (convert switches to ROMs).
Converted 0 switches.
<suppressed ~10 debug messages>

3.7. Executing PROC_MUX pass (convert decision trees to multiplexers).
Creating decoders for process `\measured_control_estimator.$proc$rtl/measured_control_estimator.v:115$9'.
     1/22: $10\score_to_level$func$rtl/measured_control_estimator.v:139$1.$result[2:0]$33
     2/22: $9\score_to_level$func$rtl/measured_control_estimator.v:139$1.$result[2:0]$31
     3/22: $8\score_to_level$func$rtl/measured_control_estimator.v:139$1.$result[2:0]$29
     4/22: $7\score_to_level$func$rtl/measured_control_estimator.v:139$1.$result[2:0]$27
     5/22: $6\score_to_level$func$rtl/measured_control_estimator.v:139$1.$result[2:0]$25
     6/22: $5\score_to_level$func$rtl/measured_control_estimator.v:139$1.$result[2:0]$23
     7/22: $4\score_to_level$func$rtl/measured_control_estimator.v:139$1.$result[2:0]$21
     8/22: $3\score_to_level$func$rtl/measured_control_estimator.v:139$1.$result[2:0]$18
     9/22: $3\score_to_level$func$rtl/measured_control_estimator.v:139$1.score[31:0]$19
    10/22: $2\score_to_level$func$rtl/measured_control_estimator.v:139$1.score[31:0]$15
    11/22: $2\score_to_level$func$rtl/measured_control_estimator.v:139$1.$result[2:0]$14
    12/22: $0\measured_ctrl_update[0:0]
    13/22: $1\score_to_level$func$rtl/measured_control_estimator.v:139$1.score[31:0]$13
    14/22: $1\score_to_level$func$rtl/measured_control_estimator.v:139$1.$result[2:0]$12
    15/22: $0\previous_uncorrectable_error_count[31:0]
    16/22: $0\previous_corrected_error_count[31:0]
    17/22: $0\measured_raw_score[31:0]
    18/22: $0\measured_uncorrectable_delta[31:0]
    19/22: $0\measured_corrected_delta[31:0]
    20/22: $0\measured_window_count[31:0]
    21/22: $0\measured_ctrl_valid[0:0]
    22/22: $0\measured_ctrl_level[2:0]

3.8. Executing PROC_DLATCH pass (convert process syncs to latches).

3.9. Executing PROC_DFF pass (convert process syncs to FFs).
Creating register for signal `\measured_control_estimator.\measured_ctrl_level' using process `\measured_control_estimator.$proc$rtl/measured_control_estimator.v:115$9'.
  created $dff cell `$procdff$299' with positive edge clock.
Creating register for signal `\measured_control_estimator.\measured_ctrl_valid' using process `\measured_control_estimator.$proc$rtl/measured_control_estimator.v:115$9'.
  created $dff cell `$procdff$300' with positive edge clock.
Creating register for signal `\measured_control_estimator.\measured_ctrl_update' using process `\measured_control_estimator.$proc$rtl/measured_control_estimator.v:115$9'.
  created $dff cell `$procdff$301' with positive edge clock.
Creating register for signal `\measured_control_estimator.\measured_window_count' using process `\measured_control_estimator.$proc$rtl/measured_control_estimator.v:115$9'.
  created $dff cell `$procdff$302' with positive edge clock.
Creating register for signal `\measured_control_estimator.\measured_corrected_delta' using process `\measured_control_estimator.$proc$rtl/measured_control_estimator.v:115$9'.
  created $dff cell `$procdff$303' with positive edge clock.
Creating register for signal `\measured_control_estimator.\measured_uncorrectable_delta' using process `\measured_control_estimator.$proc$rtl/measured_control_estimator.v:115$9'.
  created $dff cell `$procdff$304' with positive edge clock.
Creating register for signal `\measured_control_estimator.\measured_raw_score' using process `\measured_control_estimator.$proc$rtl/measured_control_estimator.v:115$9'.
  created $dff cell `$procdff$305' with positive edge clock.
Creating register for signal `\measured_control_estimator.\previous_corrected_error_count' using process `\measured_control_estimator.$proc$rtl/measured_control_estimator.v:115$9'.
  created $dff cell `$procdff$306' with positive edge clock.
Creating register for signal `\measured_control_estimator.\previous_uncorrectable_error_count' using process `\measured_control_estimator.$proc$rtl/measured_control_estimator.v:115$9'.
  created $dff cell `$procdff$307' with positive edge clock.
Creating register for signal `\measured_control_estimator.\score_to_level$func$rtl/measured_control_estimator.v:139$1.$result' using process `\measured_control_estimator.$proc$rtl/measured_control_estimator.v:115$9'.
  created $dff cell `$procdff$308' with positive edge clock.
Creating register for signal `\measured_control_estimator.\score_to_level$func$rtl/measured_control_estimator.v:139$1.score' using process `\measured_control_estimator.$proc$rtl/measured_control_estimator.v:115$9'.
  created $dff cell `$procdff$309' with positive edge clock.

3.10. Executing PROC_MEMWR pass (convert process memory writes to cells).

3.11. Executing PROC_CLEAN pass (remove empty switches from decision trees).
Found and cleaned up 10 empty switches in `\measured_control_estimator.$proc$rtl/measured_control_estimator.v:115$9'.
Removing empty process `measured_control_estimator.$proc$rtl/measured_control_estimator.v:115$9'.
Cleaned up 10 empty switches.

3.12. Executing OPT_EXPR pass (perform const folding).
Optimizing module measured_control_estimator.

4. Executing OPT pass (performing simple optimizations).

4.1. Executing OPT_EXPR pass (perform const folding).
Optimizing module measured_control_estimator.
<suppressed ~4 debug messages>

4.2. Executing OPT_MERGE pass (detect identical cells).
Finding identical cells in module `\measured_control_estimator'.
<suppressed ~3 debug messages>
Removed a total of 1 cells.

4.3. Executing OPT_MUXTREE pass (detect dead branches in mux trees).
Running muxtree optimizer on module \measured_control_estimator..
  Creating internal representation of mux trees.
  Evaluating internal representation of mux trees.
  Analyzing evaluation results.
    dead port 1/2 on $mux $procmux$225.
    dead port 2/2 on $mux $procmux$225.
    dead port 1/2 on $mux $procmux$222.
    dead port 2/2 on $mux $procmux$222.
    dead port 1/2 on $mux $procmux$210.
    dead port 2/2 on $mux $procmux$210.
    dead port 1/2 on $mux $procmux$207.
    dead port 2/2 on $mux $procmux$207.
    dead port 1/2 on $mux $procmux$204.
    dead port 2/2 on $mux $procmux$204.
    dead port 1/2 on $mux $procmux$201.
    dead port 2/2 on $mux $procmux$201.
    dead port 1/2 on $mux $procmux$198.
    dead port 2/2 on $mux $procmux$198.
    dead port 1/2 on $mux $procmux$195.
    dead port 2/2 on $mux $procmux$195.
    dead port 1/2 on $mux $procmux$193.
    dead port 2/2 on $mux $procmux$193.
    dead port 1/2 on $mux $procmux$189.
    dead port 2/2 on $mux $procmux$189.
    dead port 1/2 on $mux $procmux$186.
    dead port 2/2 on $mux $procmux$186.
    dead port 1/2 on $mux $procmux$184.
    dead port 2/2 on $mux $procmux$184.
    dead port 1/2 on $mux $procmux$180.
    dead port 2/2 on $mux $procmux$177.
    dead port 2/2 on $mux $procmux$175.
    dead port 1/2 on $mux $procmux$168.
    dead port 2/2 on $mux $procmux$165.
    dead port 2/2 on $mux $procmux$163.
    dead port 1/2 on $mux $procmux$161.
    dead port 1/2 on $mux $procmux$153.
    dead port 2/2 on $mux $procmux$150.
    dead port 2/2 on $mux $procmux$148.
    dead port 1/2 on $mux $procmux$146.
    dead port 1/2 on $mux $procmux$143.
    dead port 1/2 on $mux $procmux$135.
    dead port 2/2 on $mux $procmux$132.
    dead port 2/2 on $mux $procmux$130.
    dead port 1/2 on $mux $procmux$128.
    dead port 1/2 on $mux $procmux$125.
    dead port 1/2 on $mux $procmux$122.
    dead port 1/2 on $mux $procmux$114.
    dead port 2/2 on $mux $procmux$111.
    dead port 2/2 on $mux $procmux$109.
    dead port 1/2 on $mux $procmux$107.
    dead port 1/2 on $mux $procmux$104.
    dead port 1/2 on $mux $procmux$101.
    dead port 1/2 on $mux $procmux$98.
    dead port 1/2 on $mux $procmux$90.
    dead port 2/2 on $mux $procmux$87.
    dead port 2/2 on $mux $procmux$85.
    dead port 1/2 on $mux $procmux$83.
    dead port 1/2 on $mux $procmux$80.
    dead port 1/2 on $mux $procmux$77.
    dead port 1/2 on $mux $procmux$74.
    dead port 1/2 on $mux $procmux$71.
    dead port 1/2 on $mux $procmux$63.
    dead port 2/2 on $mux $procmux$60.
    dead port 2/2 on $mux $procmux$58.
    dead port 1/2 on $mux $procmux$56.
    dead port 1/2 on $mux $procmux$53.
    dead port 1/2 on $mux $procmux$50.
    dead port 1/2 on $mux $procmux$47.
    dead port 1/2 on $mux $procmux$44.
    dead port 1/2 on $mux $procmux$41.
Removed 66 multiplexer ports.
<suppressed ~11 debug messages>

4.4. Executing OPT_REDUCE pass (consolidate $*mux and $reduce_* inputs).
  Optimizing cells in module \measured_control_estimator.
Performed a total of 0 changes.

4.5. Executing OPT_MERGE pass (detect identical cells).
Finding identical cells in module `\measured_control_estimator'.
Removed a total of 0 cells.

4.6. Executing OPT_DFF pass (perform DFF optimizations).
Adding SRST signal on $procdff$307 ($dff) from module measured_control_estimator (D = $procmux$231_Y, Q = \previous_uncorrectable_error_count, rval = 0).
Adding EN signal on $auto$ff.cc:266:slice$310 ($sdff) from module measured_control_estimator (D = \uncorrectable_error_count, Q = \previous_uncorrectable_error_count).
Adding SRST signal on $procdff$299 ($dff) from module measured_control_estimator (D = $procmux$294_Y, Q = \measured_ctrl_level, rval = 3'000).
Adding EN signal on $auto$ff.cc:266:slice$314 ($sdff) from module measured_control_estimator (D = $4\score_to_level$func$rtl/measured_control_estimator.v:139$1.$result[2:0]$21, Q = \measured_ctrl_level).
Adding SRST signal on $procdff$300 ($dff) from module measured_control_estimator (D = $procmux$285_Y, Q = \measured_ctrl_valid, rval = 1'0).
Adding EN signal on $auto$ff.cc:266:slice$318 ($sdff) from module measured_control_estimator (D = 1'1, Q = \measured_ctrl_valid).
Adding SRST signal on $procdff$301 ($dff) from module measured_control_estimator (D = $procmux$214_Y, Q = \measured_ctrl_update, rval = 1'0).
Adding SRST signal on $procdff$302 ($dff) from module measured_control_estimator (D = $procmux$276_Y, Q = \measured_window_count, rval = 0).
Adding EN signal on $auto$ff.cc:266:slice$327 ($sdff) from module measured_control_estimator (D = $procmux$274_Y, Q = \measured_window_count).
Adding SRST signal on $procdff$303 ($dff) from module measured_control_estimator (D = $procmux$267_Y, Q = \measured_corrected_delta, rval = 0).
Adding EN signal on $auto$ff.cc:266:slice$329 ($sdff) from module measured_control_estimator (D = $sub$rtl/measured_control_estimator.v:73$2_Y, Q = \measured_corrected_delta).
Adding SRST signal on $procdff$304 ($dff) from module measured_control_estimator (D = $procmux$258_Y, Q = \measured_uncorrectable_delta, rval = 0).
Adding EN signal on $auto$ff.cc:266:slice$333 ($sdff) from module measured_control_estimator (D = $sub$rtl/measured_control_estimator.v:76$3_Y, Q = \measured_uncorrectable_delta).
Adding SRST signal on $procdff$305 ($dff) from module measured_control_estimator (D = $procmux$249_Y, Q = \measured_raw_score, rval = 0).
Adding EN signal on $auto$ff.cc:266:slice$337 ($sdff) from module measured_control_estimator (D = $ternary$rtl/measured_control_estimator.v:88$8_Y, Q = \measured_raw_score).
Adding SRST signal on $procdff$306 ($dff) from module measured_control_estimator (D = $procmux$240_Y, Q = \previous_corrected_error_count, rval = 0).
Adding EN signal on $auto$ff.cc:266:slice$341 ($sdff) from module measured_control_estimator (D = \corrected_error_count, Q = \previous_corrected_error_count).
Setting constant 1-bit at position 0 on $procdff$308 ($dff) from module measured_control_estimator.
Setting constant 1-bit at position 1 on $procdff$308 ($dff) from module measured_control_estimator.
Setting constant 1-bit at position 2 on $procdff$308 ($dff) from module measured_control_estimator.
Setting constant 1-bit at position 0 on $procdff$309 ($dff) from module measured_control_estimator.
Setting constant 1-bit at position 1 on $procdff$309 ($dff) from module measured_control_estimator.
Setting constant 1-bit at position 2 on $procdff$309 ($dff) from module measured_control_estimator.
Setting constant 1-bit at position 3 on $procdff$309 ($dff) from module measured_control_estimator.
Setting constant 1-bit at position 4 on $procdff$309 ($dff) from module measured_control_estimator.
Setting constant 1-bit at position 5 on $procdff$309 ($dff) from module measured_control_estimator.
Setting constant 1-bit at position 6 on $procdff$309 ($dff) from module measured_control_estimator.
Setting constant 1-bit at position 7 on $procdff$309 ($dff) from module measured_control_estimator.
Setting constant 1-bit at position 8 on $procdff$309 ($dff) from module measured_control_estimator.
Setting constant 1-bit at position 9 on $procdff$309 ($dff) from module measured_control_estimator.
Setting constant 1-bit at position 10 on $procdff$309 ($dff) from module measured_control_estimator.
Setting constant 1-bit at position 11 on $procdff$309 ($dff) from module measured_control_estimator.
Setting constant 1-bit at position 12 on $procdff$309 ($dff) from module measured_control_estimator.
Setting constant 1-bit at position 13 on $procdff$309 ($dff) from module measured_control_estimator.
Setting constant 1-bit at position 14 on $procdff$309 ($dff) from module measured_control_estimator.
Setting constant 1-bit at position 15 on $procdff$309 ($dff) from module measured_control_estimator.
Setting constant 1-bit at position 16 on $procdff$309 ($dff) from module measured_control_estimator.
Setting constant 1-bit at position 17 on $procdff$309 ($dff) from module measured_control_estimator.
Setting constant 1-bit at position 18 on $procdff$309 ($dff) from module measured_control_estimator.
Setting constant 1-bit at position 19 on $procdff$309 ($dff) from module measured_control_estimator.
Setting constant 1-bit at position 20 on $procdff$309 ($dff) from module measured_control_estimator.
Setting constant 1-bit at position 21 on $procdff$309 ($dff) from module measured_control_estimator.
Setting constant 1-bit at position 22 on $procdff$309 ($dff) from module measured_control_estimator.
Setting constant 1-bit at position 23 on $procdff$309 ($dff) from module measured_control_estimator.
Setting constant 1-bit at position 24 on $procdff$309 ($dff) from module measured_control_estimator.
Setting constant 1-bit at position 25 on $procdff$309 ($dff) from module measured_control_estimator.
Setting constant 1-bit at position 26 on $procdff$309 ($dff) from module measured_control_estimator.
Setting constant 1-bit at position 27 on $procdff$309 ($dff) from module measured_control_estimator.
Setting constant 1-bit at position 28 on $procdff$309 ($dff) from module measured_control_estimator.
Setting constant 1-bit at position 29 on $procdff$309 ($dff) from module measured_control_estimator.
Setting constant 1-bit at position 30 on $procdff$309 ($dff) from module measured_control_estimator.
Setting constant 1-bit at position 31 on $procdff$309 ($dff) from module measured_control_estimator.

4.7. Executing OPT_CLEAN pass (remove unused cells and wires).
Finding unused cells or wires in module \measured_control_estimator..
Removed 25 unused cells and 199 unused wires.
<suppressed ~26 debug messages>

4.8. Executing OPT_EXPR pass (perform const folding).
Optimizing module measured_control_estimator.

4.9. Rerunning OPT passes. (Maybe there is more to do..)

4.10. Executing OPT_MUXTREE pass (detect dead branches in mux trees).
Running muxtree optimizer on module \measured_control_estimator..
  Creating internal representation of mux trees.
  Evaluating internal representation of mux trees.
  Analyzing evaluation results.
Removed 0 multiplexer ports.
<suppressed ~4 debug messages>

4.11. Executing OPT_REDUCE pass (consolidate $*mux and $reduce_* inputs).
  Optimizing cells in module \measured_control_estimator.
Performed a total of 0 changes.

4.12. Executing OPT_MERGE pass (detect identical cells).
Finding identical cells in module `\measured_control_estimator'.
<suppressed ~18 debug messages>
Removed a total of 6 cells.

4.13. Executing OPT_DFF pass (perform DFF optimizations).

4.14. Executing OPT_CLEAN pass (remove unused cells and wires).
Finding unused cells or wires in module \measured_control_estimator..
Removed 0 unused cells and 6 unused wires.
<suppressed ~1 debug messages>

4.15. Executing OPT_EXPR pass (perform const folding).
Optimizing module measured_control_estimator.

4.16. Rerunning OPT passes. (Maybe there is more to do..)

4.17. Executing OPT_MUXTREE pass (detect dead branches in mux trees).
Running muxtree optimizer on module \measured_control_estimator..
  Creating internal representation of mux trees.
  Evaluating internal representation of mux trees.
  Analyzing evaluation results.
Removed 0 multiplexer ports.
<suppressed ~4 debug messages>

4.18. Executing OPT_REDUCE pass (consolidate $*mux and $reduce_* inputs).
  Optimizing cells in module \measured_control_estimator.
Performed a total of 0 changes.

4.19. Executing OPT_MERGE pass (detect identical cells).
Finding identical cells in module `\measured_control_estimator'.
Removed a total of 0 cells.

4.20. Executing OPT_DFF pass (perform DFF optimizations).

4.21. Executing OPT_CLEAN pass (remove unused cells and wires).
Finding unused cells or wires in module \measured_control_estimator..

4.22. Executing OPT_EXPR pass (perform const folding).
Optimizing module measured_control_estimator.

4.23. Finished OPT passes. (There is nothing left to do.)

5. Executing FSM pass (extract and optimize FSM).

5.1. Executing FSM_DETECT pass (finding FSMs in design).

5.2. Executing FSM_EXTRACT pass (extracting FSM from design).

5.3. Executing FSM_OPT pass (simple optimizations of FSMs).

5.4. Executing OPT_CLEAN pass (remove unused cells and wires).
Finding unused cells or wires in module \measured_control_estimator..

5.5. Executing FSM_OPT pass (simple optimizations of FSMs).

5.6. Executing FSM_RECODE pass (re-assigning FSM state encoding).

5.7. Executing FSM_INFO pass (dumping all available information on FSM cells).

5.8. Executing FSM_MAP pass (mapping FSMs to basic logic).

6. Executing OPT pass (performing simple optimizations).

6.1. Executing OPT_EXPR pass (perform const folding).
Optimizing module measured_control_estimator.

6.2. Executing OPT_MERGE pass (detect identical cells).
Finding identical cells in module `\measured_control_estimator'.
Removed a total of 0 cells.

6.3. Executing OPT_MUXTREE pass (detect dead branches in mux trees).
Running muxtree optimizer on module \measured_control_estimator..
  Creating internal representation of mux trees.
  Evaluating internal representation of mux trees.
  Analyzing evaluation results.
Removed 0 multiplexer ports.
<suppressed ~4 debug messages>

6.4. Executing OPT_REDUCE pass (consolidate $*mux and $reduce_* inputs).
  Optimizing cells in module \measured_control_estimator.
Performed a total of 0 changes.

6.5. Executing OPT_MERGE pass (detect identical cells).
Finding identical cells in module `\measured_control_estimator'.
Removed a total of 0 cells.

6.6. Executing OPT_DFF pass (perform DFF optimizations).

6.7. Executing OPT_CLEAN pass (remove unused cells and wires).
Finding unused cells or wires in module \measured_control_estimator..

6.8. Executing OPT_EXPR pass (perform const folding).
Optimizing module measured_control_estimator.

6.9. Finished OPT passes. (There is nothing left to do.)

7. Executing MEMORY pass.

7.1. Executing OPT_MEM pass (optimize memories).
Performed a total of 0 transformations.

7.2. Executing OPT_MEM_PRIORITY pass (removing unnecessary memory write priority relations).
Performed a total of 0 transformations.

7.3. Executing OPT_MEM_FEEDBACK pass (finding memory read-to-write feedback paths).

7.4. Executing MEMORY_BMUX2ROM pass (converting muxes to ROMs).

7.5. Executing MEMORY_DFF pass (merging $dff cells to $memrd).

7.6. Executing OPT_CLEAN pass (remove unused cells and wires).
Finding unused cells or wires in module \measured_control_estimator..

7.7. Executing MEMORY_SHARE pass (consolidating $memrd/$memwr cells).

7.8. Executing OPT_MEM_WIDEN pass (optimize memories where all ports are wide).
Performed a total of 0 transformations.

7.9. Executing OPT_CLEAN pass (remove unused cells and wires).
Finding unused cells or wires in module \measured_control_estimator..

7.10. Executing MEMORY_COLLECT pass (generating $mem cells).

7.11. Executing MEMORY_MAP pass (converting memories to logic and flip-flops).

8. Executing OPT pass (performing simple optimizations).

8.1. Executing OPT_EXPR pass (perform const folding).
Optimizing module measured_control_estimator.

8.2. Executing OPT_MERGE pass (detect identical cells).
Finding identical cells in module `\measured_control_estimator'.
Removed a total of 0 cells.

8.3. Executing OPT_MUXTREE pass (detect dead branches in mux trees).
Running muxtree optimizer on module \measured_control_estimator..
  Creating internal representation of mux trees.
  Evaluating internal representation of mux trees.
  Analyzing evaluation results.
Removed 0 multiplexer ports.
<suppressed ~4 debug messages>

8.4. Executing OPT_REDUCE pass (consolidate $*mux and $reduce_* inputs).
  Optimizing cells in module \measured_control_estimator.
Performed a total of 0 changes.

8.5. Executing OPT_MERGE pass (detect identical cells).
Finding identical cells in module `\measured_control_estimator'.
Removed a total of 0 cells.

8.6. Executing OPT_DFF pass (perform DFF optimizations).

8.7. Executing OPT_CLEAN pass (remove unused cells and wires).
Finding unused cells or wires in module \measured_control_estimator..

8.8. Executing OPT_EXPR pass (perform const folding).
Optimizing module measured_control_estimator.

8.9. Finished OPT passes. (There is nothing left to do.)

9. Executing TECHMAP pass (map to technology primitives).

9.1. Executing Verilog-2005 frontend: /usr/bin/../share/yosys/techmap.v
Parsing Verilog input from `/usr/bin/../share/yosys/techmap.v' to AST representation.
Generating RTLIL representation for module `\_90_simplemap_bool_ops'.
Generating RTLIL representation for module `\_90_simplemap_reduce_ops'.
Generating RTLIL representation for module `\_90_simplemap_logic_ops'.
Generating RTLIL representation for module `\_90_simplemap_compare_ops'.
Generating RTLIL representation for module `\_90_simplemap_various'.
Generating RTLIL representation for module `\_90_simplemap_registers'.
Generating RTLIL representation for module `\_90_shift_ops_shr_shl_sshl_sshr'.
Generating RTLIL representation for module `\_90_shift_shiftx'.
Generating RTLIL representation for module `\_90_fa'.
Generating RTLIL representation for module `\_90_lcu_brent_kung'.
Generating RTLIL representation for module `\_90_alu'.
Generating RTLIL representation for module `\_90_macc'.
Generating RTLIL representation for module `\_90_alumacc'.
Generating RTLIL representation for module `\$__div_mod_u'.
Generating RTLIL representation for module `\$__div_mod_trunc'.
Generating RTLIL representation for module `\_90_div'.
Generating RTLIL representation for module `\_90_mod'.
Generating RTLIL representation for module `\$__div_mod_floor'.
Generating RTLIL representation for module `\_90_divfloor'.
Generating RTLIL representation for module `\_90_modfloor'.
Generating RTLIL representation for module `\_90_pow'.
Generating RTLIL representation for module `\_90_pmux'.
Generating RTLIL representation for module `\_90_demux'.
Generating RTLIL representation for module `\_90_lut'.
Successfully finished Verilog frontend.

9.2. Continuing TECHMAP pass.
Running "alumacc" on wrapper $extern:wrap:$sub:A_SIGNED=0:A_WIDTH=32:B_SIGNED=0:B_WIDTH=32:Y_WIDTH=32:394426c56d1a028ba8fdd5469b163e04011def47.
Using template $extern:wrap:$sub:A_SIGNED=0:A_WIDTH=32:B_SIGNED=0:B_WIDTH=32:Y_WIDTH=32:394426c56d1a028ba8fdd5469b163e04011def47 for cells of type $extern:wrap:$sub:A_SIGNED=0:A_WIDTH=32:B_SIGNED=0:B_WIDTH=32:Y_WIDTH=32:394426c56d1a028ba8fdd5469b163e04011def47.
Running "alumacc" on wrapper $extern:wrap:$add:A_SIGNED=0:A_WIDTH=64:B_SIGNED=0:B_WIDTH=64:Y_WIDTH=64:394426c56d1a028ba8fdd5469b163e04011def47.
Using template $extern:wrap:$add:A_SIGNED=0:A_WIDTH=64:B_SIGNED=0:B_WIDTH=64:Y_WIDTH=64:394426c56d1a028ba8fdd5469b163e04011def47 for cells of type $extern:wrap:$add:A_SIGNED=0:A_WIDTH=64:B_SIGNED=0:B_WIDTH=64:Y_WIDTH=64:394426c56d1a028ba8fdd5469b163e04011def47.
Running "alumacc" on wrapper $extern:wrap:$gt:A_SIGNED=0:A_WIDTH=64:B_SIGNED=0:B_WIDTH=32:Y_WIDTH=1:394426c56d1a028ba8fdd5469b163e04011def47.
Using template $extern:wrap:$gt:A_SIGNED=0:A_WIDTH=64:B_SIGNED=0:B_WIDTH=32:Y_WIDTH=1:394426c56d1a028ba8fdd5469b163e04011def47 for cells of type $extern:wrap:$gt:A_SIGNED=0:A_WIDTH=64:B_SIGNED=0:B_WIDTH=32:Y_WIDTH=1:394426c56d1a028ba8fdd5469b163e04011def47.
Using extmapper simplemap for cells of type $mux.
Running "alumacc" on wrapper $extern:wrap:$ge:A_SIGNED=0:A_WIDTH=32:B_SIGNED=0:B_WIDTH=32:Y_WIDTH=1:394426c56d1a028ba8fdd5469b163e04011def47.
Using template $extern:wrap:$ge:A_SIGNED=0:A_WIDTH=32:B_SIGNED=0:B_WIDTH=32:Y_WIDTH=1:394426c56d1a028ba8fdd5469b163e04011def47 for cells of type $extern:wrap:$ge:A_SIGNED=0:A_WIDTH=32:B_SIGNED=0:B_WIDTH=32:Y_WIDTH=1:394426c56d1a028ba8fdd5469b163e04011def47.
Running "alumacc" on wrapper $extern:wrap:$add:A_SIGNED=0:A_WIDTH=32:B_SIGNED=0:B_WIDTH=32:Y_WIDTH=32:394426c56d1a028ba8fdd5469b163e04011def47.
Using template $extern:wrap:$add:A_SIGNED=0:A_WIDTH=32:B_SIGNED=0:B_WIDTH=32:Y_WIDTH=32:394426c56d1a028ba8fdd5469b163e04011def47 for cells of type $extern:wrap:$add:A_SIGNED=0:A_WIDTH=32:B_SIGNED=0:B_WIDTH=32:Y_WIDTH=32:394426c56d1a028ba8fdd5469b163e04011def47.
Using extmapper simplemap for cells of type $sdff.
Using extmapper simplemap for cells of type $reduce_and.
Using extmapper simplemap for cells of type $not.
Using extmapper simplemap for cells of type $reduce_or.
Using extmapper simplemap for cells of type $sdffe.
Using extmapper simplemap for cells of type $or.
Using template $paramod$fbc7873bff55778c0b3173955b7e4bce1d9d6834\_90_alu for cells of type $alu.
Using template $paramod$039520c137afc9cd69dd56c3fb11a4e1fbe5f664\_90_alu for cells of type $alu.
Using template $paramod$425066d11b1a6f068ec157e714ae99280dc1b91b\_90_alu for cells of type $alu.
Using extmapper simplemap for cells of type $xor.
Using extmapper simplemap for cells of type $and.
Using template $paramod\_90_lcu_brent_kung\WIDTH=32'00000000000000000000000000100000 for cells of type $lcu.
Using extmapper simplemap for cells of type $pos.
Using template $paramod\_90_lcu_brent_kung\WIDTH=32'00000000000000000000000001000000 for cells of type $lcu.
No more expansions possible.
<suppressed ~2869 debug messages>

10. Executing OPT pass (performing simple optimizations).

10.1. Executing OPT_EXPR pass (perform const folding).
Optimizing module measured_control_estimator.
<suppressed ~2370 debug messages>

10.2. Executing OPT_MERGE pass (detect identical cells).
Finding identical cells in module `\measured_control_estimator'.
<suppressed ~2691 debug messages>
Removed a total of 897 cells.

10.3. Executing OPT_MUXTREE pass (detect dead branches in mux trees).
Running muxtree optimizer on module \measured_control_estimator..
  Creating internal representation of mux trees.
  No muxes found in this module.
Removed 0 multiplexer ports.

10.4. Executing OPT_REDUCE pass (consolidate $*mux and $reduce_* inputs).
  Optimizing cells in module \measured_control_estimator.
Performed a total of 0 changes.

10.5. Executing OPT_MERGE pass (detect identical cells).
Finding identical cells in module `\measured_control_estimator'.
Removed a total of 0 cells.

10.6. Executing OPT_DFF pass (perform DFF optimizations).

10.7. Executing OPT_CLEAN pass (remove unused cells and wires).
Finding unused cells or wires in module \measured_control_estimator..
Removed 764 unused cells and 1920 unused wires.
<suppressed ~765 debug messages>

10.8. Executing OPT_EXPR pass (perform const folding).
Optimizing module measured_control_estimator.

10.9. Rerunning OPT passes. (Maybe there is more to do..)

10.10. Executing OPT_MUXTREE pass (detect dead branches in mux trees).
Running muxtree optimizer on module \measured_control_estimator..
  Creating internal representation of mux trees.
  No muxes found in this module.
Removed 0 multiplexer ports.

10.11. Executing OPT_REDUCE pass (consolidate $*mux and $reduce_* inputs).
  Optimizing cells in module \measured_control_estimator.
Performed a total of 0 changes.

10.12. Executing OPT_MERGE pass (detect identical cells).
Finding identical cells in module `\measured_control_estimator'.
Removed a total of 0 cells.

10.13. Executing OPT_DFF pass (perform DFF optimizations).

10.14. Executing OPT_CLEAN pass (remove unused cells and wires).
Finding unused cells or wires in module \measured_control_estimator..

10.15. Executing OPT_EXPR pass (perform const folding).
Optimizing module measured_control_estimator.

10.16. Finished OPT passes. (There is nothing left to do.)

11. Executing ABC pass (technology mapping using ABC).

11.1. Extracting gate netlist of module `\measured_control_estimator' to `<abc-temp-dir>/input.blif'..
Extracted 1292 gates and 1456 wires to a netlist network with 162 inputs and 134 outputs.

11.1.1. Executing ABC.
Running ABC command: "<yosys-exe-dir>/yosys-abc" -s -f <abc-temp-dir>/abc.script 2>&1
ABC: ABC command line: "source <abc-temp-dir>/abc.script".
ABC: 
ABC: + read_blif <abc-temp-dir>/input.blif 
ABC: + read_library <abc-temp-dir>/stdcells.genlib 
ABC: + strash 
ABC: + &get -n 
ABC: + &fraig -x 
ABC: + &put 
ABC: + scorr 
ABC: Warning: The network is combinational (run "fraig" or "fraig_sweep").
ABC: + dc2 
ABC: + dretime 
ABC: + strash 
ABC: + &get -n 
ABC: + &dch -f 
ABC: + &nf 
ABC: + &put 
ABC: + write_blif <abc-temp-dir>/output.blif 

11.1.2. Re-integrating ABC results.
ABC RESULTS:               AND cells:      118
ABC RESULTS:            ANDNOT cells:       16
ABC RESULTS:               MUX cells:        1
ABC RESULTS:              NAND cells:      236
ABC RESULTS:               NOR cells:       15
ABC RESULTS:               NOT cells:        5
ABC RESULTS:                OR cells:       18
ABC RESULTS:             ORNOT cells:      106
ABC RESULTS:              XNOR cells:      118
ABC RESULTS:               XOR cells:       51
ABC RESULTS:              ZERO cells:       17
ABC RESULTS:        internal signals:     1160
ABC RESULTS:           input signals:      162
ABC RESULTS:          output signals:      134
Removing temp directory.

12. Executing OPT pass (performing simple optimizations).

12.1. Executing OPT_EXPR pass (perform const folding).
Optimizing module measured_control_estimator.

12.2. Executing OPT_MERGE pass (detect identical cells).
Finding identical cells in module `\measured_control_estimator'.
<suppressed ~102 debug messages>
Removed a total of 34 cells.

12.3. Executing OPT_MUXTREE pass (detect dead branches in mux trees).
Running muxtree optimizer on module \measured_control_estimator..
  Creating internal representation of mux trees.
  No muxes found in this module.
Removed 0 multiplexer ports.

12.4. Executing OPT_REDUCE pass (consolidate $*mux and $reduce_* inputs).
  Optimizing cells in module \measured_control_estimator.
Performed a total of 0 changes.

12.5. Executing OPT_MERGE pass (detect identical cells).
Finding identical cells in module `\measured_control_estimator'.
Removed a total of 0 cells.

12.6. Executing OPT_DFF pass (perform DFF optimizations).
Setting constant 0-bit at position 0 on $auto$ff.cc:266:slice$568 ($_SDFFE_PP0P_) from module measured_control_estimator.

12.7. Executing OPT_CLEAN pass (remove unused cells and wires).
Finding unused cells or wires in module \measured_control_estimator..
Removed 0 unused cells and 859 unused wires.
<suppressed ~1 debug messages>

12.8. Executing OPT_EXPR pass (perform const folding).
Optimizing module measured_control_estimator.
<suppressed ~10 debug messages>

12.9. Rerunning OPT passes. (Maybe there is more to do..)

12.10. Executing OPT_MUXTREE pass (detect dead branches in mux trees).
Running muxtree optimizer on module \measured_control_estimator..
  Creating internal representation of mux trees.
  No muxes found in this module.
Removed 0 multiplexer ports.

12.11. Executing OPT_REDUCE pass (consolidate $*mux and $reduce_* inputs).
  Optimizing cells in module \measured_control_estimator.
Performed a total of 0 changes.

12.12. Executing OPT_MERGE pass (detect identical cells).
Finding identical cells in module `\measured_control_estimator'.
Removed a total of 0 cells.

12.13. Executing OPT_DFF pass (perform DFF optimizations).

12.14. Executing OPT_CLEAN pass (remove unused cells and wires).
Finding unused cells or wires in module \measured_control_estimator..
Removed 0 unused cells and 10 unused wires.
<suppressed ~1 debug messages>

12.15. Executing OPT_EXPR pass (perform const folding).
Optimizing module measured_control_estimator.

12.16. Rerunning OPT passes. (Maybe there is more to do..)

12.17. Executing OPT_MUXTREE pass (detect dead branches in mux trees).
Running muxtree optimizer on module \measured_control_estimator..
  Creating internal representation of mux trees.
  No muxes found in this module.
Removed 0 multiplexer ports.

12.18. Executing OPT_REDUCE pass (consolidate $*mux and $reduce_* inputs).
  Optimizing cells in module \measured_control_estimator.
Performed a total of 0 changes.

12.19. Executing OPT_MERGE pass (detect identical cells).
Finding identical cells in module `\measured_control_estimator'.
Removed a total of 0 cells.

12.20. Executing OPT_DFF pass (perform DFF optimizations).

12.21. Executing OPT_CLEAN pass (remove unused cells and wires).
Finding unused cells or wires in module \measured_control_estimator..

12.22. Executing OPT_EXPR pass (perform const folding).
Optimizing module measured_control_estimator.

12.23. Finished OPT passes. (There is nothing left to do.)

13. Printing statistics.

=== measured_control_estimator ===

   Number of wires:                579
   Number of wire bits:           1144
   Number of public wires:          21
   Number of public wire bits:     584
   Number of ports:                 12
   Number of port bits:            200
   Number of memories:               0
   Number of memory bits:            0
   Number of processes:              0
   Number of cells:                836
     $_ANDNOT_                      16
     $_AND_                         97
     $_MUX_                          1
     $_NAND_                       236
     $_NOR_                          8
     $_NOT_                          5
     $_ORNOT_                      106
     $_OR_                          18
     $_SDFFE_PP0P_                 179
     $_SDFF_PP0_                     1
     $_XNOR_                       118
     $_XOR_                         51

End of script. Logfile hash: 2639b2a74d, CPU: user 0.27s system 0.02s, MEM: 30.95 MB peak
Yosys 0.52 (git sha1 fee39a3284c90249e1d9684cf6944ffbbcbb8f90)
Time spent: 40% 1x abc (0 sec), 17% 20x opt_expr (0 sec), ...
